// Jest Snapshot v1, https://goo.gl/fbAQLP

exports[`PokemonsView Tests should match snapshot 1`] = `
Object {
  "asFragment": [Function],
  "baseElement": <body>
    <div>
      <div
        class="main-container"
      >
        <h1>
          Listado de Pokemon
        </h1>
        <div
          class="search-bar-container"
        >
          <div
            class="search-input"
          >
            <input
              class="form-input"
              name="filter"
              placeholder="Buscar"
              type="text"
              value=""
            />
          </div>
          <button
            class="main-button"
          >
            <i
              aria-hidden="true"
              class="fa fa-plus"
            />
             Nuevo
          </button>
        </div>
        <table
          class="pokemon-table"
        >
          <thead>
            <tr>
              <th>
                Nombre
              </th>
              <th>
                Imagen
              </th>
              <th>
                Ataque
              </th>
              <th>
                Defensa
              </th>
              <th>
                Acciones
              </th>
            </tr>
          </thead>
          <tbody>
            <tr>
              <td>
                name1
              </td>
              <td>
                <img
                  alt="name1"
                  src="image1"
                />
              </td>
              <td>
                50
              </td>
              <td>
                50
              </td>
              <td>
                <div
                  class="td-actions"
                >
                  <button
                    class="btn-icon"
                  >
                    <i
                      aria-hidden="true"
                      class="fa fa-pencil"
                    />
                  </button>
                  <button
                    class="btn-icon"
                  >
                    <i
                      aria-hidden="true"
                      class="fa fa-trash"
                    />
                  </button>
                </div>
              </td>
            </tr>
            <tr>
              <td>
                name2
              </td>
              <td>
                <img
                  alt="name2"
                  src="/images/notfound.png"
                />
              </td>
              <td>
                50
              </td>
              <td>
                50
              </td>
              <td>
                <div
                  class="td-actions"
                >
                  <button
                    class="btn-icon"
                  >
                    <i
                      aria-hidden="true"
                      class="fa fa-pencil"
                    />
                  </button>
                  <button
                    class="btn-icon"
                  >
                    <i
                      aria-hidden="true"
                      class="fa fa-trash"
                    />
                  </button>
                </div>
              </td>
            </tr>
          </tbody>
        </table>
      </div>
    </div>
  </body>,
  "container": <div>
    <div
      class="main-container"
    >
      <h1>
        Listado de Pokemon
      </h1>
      <div
        class="search-bar-container"
      >
        <div
          class="search-input"
        >
          <input
            class="form-input"
            name="filter"
            placeholder="Buscar"
            type="text"
            value=""
          />
        </div>
        <button
          class="main-button"
        >
          <i
            aria-hidden="true"
            class="fa fa-plus"
          />
           Nuevo
        </button>
      </div>
      <table
        class="pokemon-table"
      >
        <thead>
          <tr>
            <th>
              Nombre
            </th>
            <th>
              Imagen
            </th>
            <th>
              Ataque
            </th>
            <th>
              Defensa
            </th>
            <th>
              Acciones
            </th>
          </tr>
        </thead>
        <tbody>
          <tr>
            <td>
              name1
            </td>
            <td>
              <img
                alt="name1"
                src="image1"
              />
            </td>
            <td>
              50
            </td>
            <td>
              50
            </td>
            <td>
              <div
                class="td-actions"
              >
                <button
                  class="btn-icon"
                >
                  <i
                    aria-hidden="true"
                    class="fa fa-pencil"
                  />
                </button>
                <button
                  class="btn-icon"
                >
                  <i
                    aria-hidden="true"
                    class="fa fa-trash"
                  />
                </button>
              </div>
            </td>
          </tr>
          <tr>
            <td>
              name2
            </td>
            <td>
              <img
                alt="name2"
                src="/images/notfound.png"
              />
            </td>
            <td>
              50
            </td>
            <td>
              50
            </td>
            <td>
              <div
                class="td-actions"
              >
                <button
                  class="btn-icon"
                >
                  <i
                    aria-hidden="true"
                    class="fa fa-pencil"
                  />
                </button>
                <button
                  class="btn-icon"
                >
                  <i
                    aria-hidden="true"
                    class="fa fa-trash"
                  />
                </button>
              </div>
            </td>
          </tr>
        </tbody>
      </table>
    </div>
  </div>,
  "debug": [Function],
  "findAllByAltText": [Function],
  "findAllByDisplayValue": [Function],
  "findAllByLabelText": [Function],
  "findAllByPlaceholderText": [Function],
  "findAllByRole": [Function],
  "findAllByTestId": [Function],
  "findAllByText": [Function],
  "findAllByTitle": [Function],
  "findByAltText": [Function],
  "findByDisplayValue": [Function],
  "findByLabelText": [Function],
  "findByPlaceholderText": [Function],
  "findByRole": [Function],
  "findByTestId": [Function],
  "findByText": [Function],
  "findByTitle": [Function],
  "getAllByAltText": [Function],
  "getAllByDisplayValue": [Function],
  "getAllByLabelText": [Function],
  "getAllByPlaceholderText": [Function],
  "getAllByRole": [Function],
  "getAllByTestId": [Function],
  "getAllByText": [Function],
  "getAllByTitle": [Function],
  "getByAltText": [Function],
  "getByDisplayValue": [Function],
  "getByLabelText": [Function],
  "getByPlaceholderText": [Function],
  "getByRole": [Function],
  "getByTestId": [Function],
  "getByText": [Function],
  "getByTitle": [Function],
  "queryAllByAltText": [Function],
  "queryAllByDisplayValue": [Function],
  "queryAllByLabelText": [Function],
  "queryAllByPlaceholderText": [Function],
  "queryAllByRole": [Function],
  "queryAllByTestId": [Function],
  "queryAllByText": [Function],
  "queryAllByTitle": [Function],
  "queryByAltText": [Function],
  "queryByDisplayValue": [Function],
  "queryByLabelText": [Function],
  "queryByPlaceholderText": [Function],
  "queryByRole": [Function],
  "queryByTestId": [Function],
  "queryByText": [Function],
  "queryByTitle": [Function],
  "rerender": [Function],
  "unmount": [Function],
}
`;
