// Jest Snapshot v1, https://goo.gl/fbAQLP

exports[`Header tests should match snapshot 1`] = `
Object {
  "asFragment": [Function],
  "baseElement": <body>
    <div>
      <h1>
        Listado de Pokemon
      </h1>
      <div
        class="search-bar-container"
      >
        <div
          class="search-input"
        >
          <svg
            fill="none"
            height="24"
            stroke="grey"
            stroke-width="1"
            viewBox="0 0 24 24"
            width="24"
          >
            <circle
              cx="11"
              cy="11"
              r="8"
            />
            <line
              x1="21"
              x2="16.65"
              y1="21"
              y2="16.65"
            />
          </svg>
          <input
            class="form-input"
            name="filter"
            placeholder="Buscar"
            type="text"
            value=""
          />
        </div>
        <button
          class="main-button"
        >
          <i
            aria-hidden="true"
            class="fa fa-plus"
          />
           Nuevo
        </button>
      </div>
    </div>
  </body>,
  "container": <div>
    <h1>
      Listado de Pokemon
    </h1>
    <div
      class="search-bar-container"
    >
      <div
        class="search-input"
      >
        <svg
          fill="none"
          height="24"
          stroke="grey"
          stroke-width="1"
          viewBox="0 0 24 24"
          width="24"
        >
          <circle
            cx="11"
            cy="11"
            r="8"
          />
          <line
            x1="21"
            x2="16.65"
            y1="21"
            y2="16.65"
          />
        </svg>
        <input
          class="form-input"
          name="filter"
          placeholder="Buscar"
          type="text"
          value=""
        />
      </div>
      <button
        class="main-button"
      >
        <i
          aria-hidden="true"
          class="fa fa-plus"
        />
         Nuevo
      </button>
    </div>
  </div>,
  "debug": [Function],
  "findAllByAltText": [Function],
  "findAllByDisplayValue": [Function],
  "findAllByLabelText": [Function],
  "findAllByPlaceholderText": [Function],
  "findAllByRole": [Function],
  "findAllByTestId": [Function],
  "findAllByText": [Function],
  "findAllByTitle": [Function],
  "findByAltText": [Function],
  "findByDisplayValue": [Function],
  "findByLabelText": [Function],
  "findByPlaceholderText": [Function],
  "findByRole": [Function],
  "findByTestId": [Function],
  "findByText": [Function],
  "findByTitle": [Function],
  "getAllByAltText": [Function],
  "getAllByDisplayValue": [Function],
  "getAllByLabelText": [Function],
  "getAllByPlaceholderText": [Function],
  "getAllByRole": [Function],
  "getAllByTestId": [Function],
  "getAllByText": [Function],
  "getAllByTitle": [Function],
  "getByAltText": [Function],
  "getByDisplayValue": [Function],
  "getByLabelText": [Function],
  "getByPlaceholderText": [Function],
  "getByRole": [Function],
  "getByTestId": [Function],
  "getByText": [Function],
  "getByTitle": [Function],
  "queryAllByAltText": [Function],
  "queryAllByDisplayValue": [Function],
  "queryAllByLabelText": [Function],
  "queryAllByPlaceholderText": [Function],
  "queryAllByRole": [Function],
  "queryAllByTestId": [Function],
  "queryAllByText": [Function],
  "queryAllByTitle": [Function],
  "queryByAltText": [Function],
  "queryByDisplayValue": [Function],
  "queryByLabelText": [Function],
  "queryByPlaceholderText": [Function],
  "queryByRole": [Function],
  "queryByTestId": [Function],
  "queryByText": [Function],
  "queryByTitle": [Function],
  "rerender": [Function],
  "unmount": [Function],
}
`;
